../Src/main.c:99:5:main	128	static
../Src/main.c:197:6:SystemClock_Config	96	static
../Src/main.c:248:13:MX_I2C2_Init	8	static
../Src/main.c:296:13:MX_USART1_UART_Init	8	static
../Src/main.c:344:13:MX_GPIO_Init	40	static
../Src/main.c:410:6:StartDefaultTask	24	static
../Src/main.c:449:6:StartTransmitData	24	static
../Src/main.c:471:6:StartButtonPressCheck	24	static
../Src/main.c:513:6:StartTimer	24	static
../Src/main.c:553:6:HAL_TIM_PeriodElapsedCallback	16	static
../Src/main.c:570:6:Error_Handler	4	static,ignoring_inline_asm
