Archive member included to satisfy reference by file (symbol)

../Lib\libarm_cortexM4lf_math.a(arm_sin_f32.o)
                              ./Src/main.o (arm_sin_f32)
../Lib\libarm_cortexM4lf_math.a(arm_common_tables.o)
                              ../Lib\libarm_cortexM4lf_math.a(arm_sin_f32.o) (sinTable_f32)
c:/st/stm32cubeide_1.10.1/stm32cubeide/plugins/com.st.stm32cube.ide.mcu.externaltools.gnu-tools-for-stm32.10.3-2021.10.win32_1.0.0.202111181127/tools/bin/../lib/gcc/arm-none-eabi/10.3.1/../../../../arm-none-eabi/lib/thumb/v7e-m+fp/hard\libc_nano.a(lib_a-errno.o)
                              ./Src/syscalls.o (__errno)
c:/st/stm32cubeide_1.10.1/stm32cubeide/plugins/com.st.stm32cube.ide.mcu.externaltools.gnu-tools-for-stm32.10.3-2021.10.win32_1.0.0.202111181127/tools/bin/../lib/gcc/arm-none-eabi/10.3.1/../../../../arm-none-eabi/lib/thumb/v7e-m+fp/hard\libc_nano.a(lib_a-exit.o)
                              c:/st/stm32cubeide_1.10.1/stm32cubeide/plugins/com.st.stm32cube.ide.mcu.externaltools.gnu-tools-for-stm32.10.3-2021.10.win32_1.0.0.202111181127/tools/bin/../lib/gcc/arm-none-eabi/10.3.1/../../../../arm-none-eabi/lib/thumb/v7e-m+fp/hard/crt0.o (exit)
c:/st/stm32cubeide_1.10.1/stm32cubeide/plugins/com.st.stm32cube.ide.mcu.externaltools.gnu-tools-for-stm32.10.3-2021.10.win32_1.0.0.202111181127/tools/bin/../lib/gcc/arm-none-eabi/10.3.1/../../../../arm-none-eabi/lib/thumb/v7e-m+fp/hard\libc_nano.a(lib_a-impure.o)
                              c:/st/stm32cubeide_1.10.1/stm32cubeide/plugins/com.st.stm32cube.ide.mcu.externaltools.gnu-tools-for-stm32.10.3-2021.10.win32_1.0.0.202111181127/tools/bin/../lib/gcc/arm-none-eabi/10.3.1/../../../../arm-none-eabi/lib/thumb/v7e-m+fp/hard\libc_nano.a(lib_a-exit.o) (_global_impure_ptr)
c:/st/stm32cubeide_1.10.1/stm32cubeide/plugins/com.st.stm32cube.ide.mcu.externaltools.gnu-tools-for-stm32.10.3-2021.10.win32_1.0.0.202111181127/tools/bin/../lib/gcc/arm-none-eabi/10.3.1/../../../../arm-none-eabi/lib/thumb/v7e-m+fp/hard\libc_nano.a(lib_a-init.o)
                              c:/st/stm32cubeide_1.10.1/stm32cubeide/plugins/com.st.stm32cube.ide.mcu.externaltools.gnu-tools-for-stm32.10.3-2021.10.win32_1.0.0.202111181127/tools/bin/../lib/gcc/arm-none-eabi/10.3.1/../../../../arm-none-eabi/lib/thumb/v7e-m+fp/hard/crt0.o (__libc_init_array)
c:/st/stm32cubeide_1.10.1/stm32cubeide/plugins/com.st.stm32cube.ide.mcu.externaltools.gnu-tools-for-stm32.10.3-2021.10.win32_1.0.0.202111181127/tools/bin/../lib/gcc/arm-none-eabi/10.3.1/../../../../arm-none-eabi/lib/thumb/v7e-m+fp/hard\libc_nano.a(lib_a-memset.o)
                              c:/st/stm32cubeide_1.10.1/stm32cubeide/plugins/com.st.stm32cube.ide.mcu.externaltools.gnu-tools-for-stm32.10.3-2021.10.win32_1.0.0.202111181127/tools/bin/../lib/gcc/arm-none-eabi/10.3.1/../../../../arm-none-eabi/lib/thumb/v7e-m+fp/hard/crt0.o (memset)
c:/st/stm32cubeide_1.10.1/stm32cubeide/plugins/com.st.stm32cube.ide.mcu.externaltools.gnu-tools-for-stm32.10.3-2021.10.win32_1.0.0.202111181127/tools/bin/../lib/gcc/arm-none-eabi/10.3.1/thumb/v7e-m+fp/hard\libgcc.a(_arm_addsubdf3.o)
                              ./Src/main.o (__aeabi_f2d)
c:/st/stm32cubeide_1.10.1/stm32cubeide/plugins/com.st.stm32cube.ide.mcu.externaltools.gnu-tools-for-stm32.10.3-2021.10.win32_1.0.0.202111181127/tools/bin/../lib/gcc/arm-none-eabi/10.3.1/thumb/v7e-m+fp/hard\libgcc.a(_arm_cmpdf2.o)
                              ./Src/main.o (__aeabi_dcmpgt)

Discarded input sections

 .text          0x0000000000000000        0x0 c:/st/stm32cubeide_1.10.1/stm32cubeide/plugins/com.st.stm32cube.ide.mcu.externaltools.gnu-tools-for-stm32.10.3-2021.10.win32_1.0.0.202111181127/tools/bin/../lib/gcc/arm-none-eabi/10.3.1/thumb/v7e-m+fp/hard/crti.o
 .data          0x0000000000000000        0x0 c:/st/stm32cubeide_1.10.1/stm32cubeide/plugins/com.st.stm32cube.ide.mcu.externaltools.gnu-tools-for-stm32.10.3-2021.10.win32_1.0.0.202111181127/tools/bin/../lib/gcc/arm-none-eabi/10.3.1/thumb/v7e-m+fp/hard/crti.o
 .bss           0x0000000000000000        0x0 c:/st/stm32cubeide_1.10.1/stm32cubeide/plugins/com.st.stm32cube.ide.mcu.externaltools.gnu-tools-for-stm32.10.3-2021.10.win32_1.0.0.202111181127/tools/bin/../lib/gcc/arm-none-eabi/10.3.1/thumb/v7e-m+fp/hard/crti.o
 .data          0x0000000000000000        0x4 c:/st/stm32cubeide_1.10.1/stm32cubeide/plugins/com.st.stm32cube.ide.mcu.externaltools.gnu-tools-for-stm32.10.3-2021.10.win32_1.0.0.202111181127/tools/bin/../lib/gcc/arm-none-eabi/10.3.1/thumb/v7e-m+fp/hard/crtbegin.o
 .rodata        0x0000000000000000       0x24 c:/st/stm32cubeide_1.10.1/stm32cubeide/plugins/com.st.stm32cube.ide.mcu.externaltools.gnu-tools-for-stm32.10.3-2021.10.win32_1.0.0.202111181127/tools/bin/../lib/gcc/arm-none-eabi/10.3.1/thumb/v7e-m+fp/hard/crtbegin.o
[...]
Memory Configuration

Name             Origin             Length             Attributes
RAM              0x0000000020000000 0x00000000000a0000 xrw
RAM2             0x0000000010000000 0x0000000000010000 xrw
RAM3             0x0000000020040000 0x0000000000060000 xrw
FLASH            0x0000000008000000 0x0000000000200000 xr
*default*        0x0000000000000000 0xffffffffffffffff

Linker script and memory map

LOAD c:/st/stm32cubeide_1.10.1/stm32cubeide/plugins/com.st.stm32cube.ide.mcu.externaltools.gnu-tools-for-stm32.10.3-2021.10.win32_1.0.0.202111181127/tools/bin/../lib/gcc/arm-none-eabi/10.3.1/thumb/v7e-m+fp/hard/crti.o
LOAD c:/st/stm32cubeide_1.10.1/stm32cubeide/plugins/com.st.stm32cube.ide.mcu.externaltools.gnu-tools-for-stm32.10.3-2021.10.win32_1.0.0.202111181127/tools/bin/../lib/gcc/arm-none-eabi/10.3.1/thumb/v7e-m+fp/hard/crtbegin.o
LOAD c:/st/stm32cubeide_1.10.1/stm32cubeide/plugins/com.st.stm32cube.ide.mcu.externaltools.gnu-tools-for-stm32.10.3-2021.10.win32_1.0.0.202111181127/tools/bin/../lib/gcc/arm-none-eabi/10.3.1/../../../../arm-none-eabi/lib/thumb/v7e-m+fp/hard/crt0.o
LOAD ./Drivers/STM32L4xx_HAL_Driver/Src/stm32l4xx_hal.o
LOAD ./Drivers/STM32L4xx_HAL_Driver/Src/stm32l4xx_hal_cortex.o
LOAD ./Drivers/STM32L4xx_HAL_Driver/Src/stm32l4xx_hal_dac.o
LOAD ./Drivers/STM32L4xx_HAL_Driver/Src/stm32l4xx_hal_dac_ex.o
LOAD ./Drivers/STM32L4xx_HAL_Driver/Src/stm32l4xx_hal_dma.o
LOAD ./Drivers/STM32L4xx_HAL_Driver/Src/stm32l4xx_hal_dma_ex.o
LOAD ./Drivers/STM32L4xx_HAL_Driver/Src/stm32l4xx_hal_exti.o
LOAD ./Drivers/STM32L4xx_HAL_Driver/Src/stm32l4xx_hal_flash.o
LOAD ./Drivers/STM32L4xx_HAL_Driver/Src/stm32l4xx_hal_flash_ex.o
LOAD ./Drivers/STM32L4xx_HAL_Driver/Src/stm32l4xx_hal_flash_ramfunc.o
LOAD ./Drivers/STM32L4xx_HAL_Driver/Src/stm32l4xx_hal_gpio.o
LOAD ./Drivers/STM32L4xx_HAL_Driver/Src/stm32l4xx_hal_i2c.o
LOAD ./Drivers/STM32L4xx_HAL_Driver/Src/stm32l4xx_hal_i2c_ex.o
LOAD ./Drivers/STM32L4xx_HAL_Driver/Src/stm32l4xx_hal_pwr.o
LOAD ./Drivers/STM32L4xx_HAL_Driver/Src/stm32l4xx_hal_pwr_ex.o
LOAD ./Drivers/STM32L4xx_HAL_Driver/Src/stm32l4xx_hal_rcc.o
LOAD ./Drivers/STM32L4xx_HAL_Driver/Src/stm32l4xx_hal_rcc_ex.o
LOAD ./Drivers/STM32L4xx_HAL_Driver/Src/stm32l4xx_hal_tim.o
LOAD ./Drivers/STM32L4xx_HAL_Driver/Src/stm32l4xx_hal_tim_ex.o
LOAD ./Src/main.o
LOAD ./Src/stm32l4xx_hal_msp.o
LOAD ./Src/stm32l4xx_it.o
LOAD ./Src/syscalls.o
LOAD ./Src/sysmem.o
LOAD ./Src/system_stm32l4xx.o
LOAD ./Startup/startup_stm32l4s5vitx.o
LOAD ../Lib\libarm_cortexM4lf_math.a
START GROUP
LOAD c:/st/stm32cubeide_1.10.1/stm32cubeide/plugins/com.st.stm32cube.ide.mcu.externaltools.gnu-tools-for-stm32.10.3-2021.10.win32_1.0.0.202111181127/tools/bin/../lib/gcc/arm-none-eabi/10.3.1/../../../../arm-none-eabi/lib/thumb/v7e-m+fp/hard\libc_nano.a
LOAD c:/st/stm32cubeide_1.10.1/stm32cubeide/plugins/com.st.stm32cube.ide.mcu.externaltools.gnu-tools-for-stm32.10.3-2021.10.win32_1.0.0.202111181127/tools/bin/../lib/gcc/arm-none-eabi/10.3.1/../../../../arm-none-eabi/lib/thumb/v7e-m+fp/hard\libm.a
END GROUP
START GROUP
LOAD c:/st/stm32cubeide_1.10.1/stm32cubeide/plugins/com.st.stm32cube.ide.mcu.externaltools.gnu-tools-for-stm32.10.3-2021.10.win32_1.0.0.202111181127/tools/bin/../lib/gcc/arm-none-eabi/10.3.1/thumb/v7e-m+fp/hard\libgcc.a
LOAD c:/st/stm32cubeide_1.10.1/stm32cubeide/plugins/com.st.stm32cube.ide.mcu.externaltools.gnu-tools-for-stm32.10.3-2021.10.win32_1.0.0.202111181127/tools/bin/../lib/gcc/arm-none-eabi/10.3.1/../../../../arm-none-eabi/lib/thumb/v7e-m+fp/hard\libc_nano.a
END GROUP
START GROUP
LOAD c:/st/stm32cubeide_1.10.1/stm32cubeide/plugins/com.st.stm32cube.ide.mcu.externaltools.gnu-tools-for-stm32.10.3-2021.10.win32_1.0.0.202111181127/tools/bin/../lib/gcc/arm-none-eabi/10.3.1/thumb/v7e-m+fp/hard\libgcc.a
LOAD c:/st/stm32cubeide_1.10.1/stm32cubeide/plugins/com.st.stm32cube.ide.mcu.externaltools.gnu-tools-for-stm32.10.3-2021.10.win32_1.0.0.202111181127/tools/bin/../lib/gcc/arm-none-eabi/10.3.1/../../../../arm-none-eabi/lib/thumb/v7e-m+fp/hard\libc_nano.a
LOAD c:/st/stm32cubeide_1.10.1/stm32cubeide/plugins/com.st.stm32cube.ide.mcu.externaltools.gnu-tools-for-stm32.10.3-2021.10.win32_1.0.0.202111181127/tools/bin/../lib/gcc/arm-none-eabi/10.3.1/../../../../arm-none-eabi/lib/thumb/v7e-m+fp/hard\libnosys.a
END GROUP
START GROUP
LOAD c:/st/stm32cubeide_1.10.1/stm32cubeide/plugins/com.st.stm32cube.ide.mcu.externaltools.gnu-tools-for-stm32.10.3-2021.10.win32_1.0.0.202111181127/tools/bin/../lib/gcc/arm-none-eabi/10.3.1/thumb/v7e-m+fp/hard\libgcc.a
LOAD c:/st/stm32cubeide_1.10.1/stm32cubeide/plugins/com.st.stm32cube.ide.mcu.externaltools.gnu-tools-for-stm32.10.3-2021.10.win32_1.0.0.202111181127/tools/bin/../lib/gcc/arm-none-eabi/10.3.1/../../../../arm-none-eabi/lib/thumb/v7e-m+fp/hard\libc_nano.a
LOAD c:/st/stm32cubeide_1.10.1/stm32cubeide/plugins/com.st.stm32cube.ide.mcu.externaltools.gnu-tools-for-stm32.10.3-2021.10.win32_1.0.0.202111181127/tools/bin/../lib/gcc/arm-none-eabi/10.3.1/../../../../arm-none-eabi/lib/thumb/v7e-m+fp/hard\libnosys.a
END GROUP
LOAD c:/st/stm32cubeide_1.10.1/stm32cubeide/plugins/com.st.stm32cube.ide.mcu.externaltools.gnu-tools-for-stm32.10.3-2021.10.win32_1.0.0.202111181127/tools/bin/../lib/gcc/arm-none-eabi/10.3.1/thumb/v7e-m+fp/hard/crtend.o
LOAD c:/st/stm32cubeide_1.10.1/stm32cubeide/plugins/com.st.stm32cube.ide.mcu.externaltools.gnu-tools-for-stm32.10.3-2021.10.win32_1.0.0.202111181127/tools/bin/../lib/gcc/arm-none-eabi/10.3.1/thumb/v7e-m+fp/hard/crtn.o
                0x00000000200a0000                _estack = (ORIGIN (RAM) + LENGTH (RAM))
                0x0000000000000200                _Min_Heap_Size = 0x200
                0x0000000000000400                _Min_Stack_Size = 0x400

.isr_vector     0x0000000008000000      0x1bc
                0x0000000008000000                . = ALIGN (0x4)
 *(.isr_vector)
 .isr_vector    0x0000000008000000      0x1bc ./Startup/startup_stm32l4s5vitx.o
                0x0000000008000000                g_pfnVectors
                0x00000000080001bc                . = ALIGN (0x4)

.text           0x00000000080001c0     0x23dc
                0x00000000080001c0                . = ALIGN (0x4)
 *(.text)
 .text          0x00000000080001c0       0x40 c:/st/stm32cubeide_1.10.1/stm32cubeide/plugins/com.st.stm32cube.ide.mcu.externaltools.gnu-tools-for-stm32.10.3-2021.10.win32_1.0.0.202111181127/tools/bin/../lib/gcc/arm-none-eabi/10.3.1/thumb/v7e-m+fp/hard/crtbegin.o
 .text          0x0000000008000200      0x378 c:/st/stm32cubeide_1.10.1/stm32cubeide/plugins/com.st.stm32cube.ide.mcu.externaltools.gnu-tools-for-stm32.10.3-2021.10.win32_1.0.0.202111181127/tools/bin/../lib/gcc/arm-none-eabi/10.3.1/thumb/v7e-m+fp/hard\libgcc.a(_arm_addsubdf3.o)
                0x0000000008000200                __aeabi_drsub
                0x0000000008000208                __aeabi_dsub
                0x0000000008000208                __subdf3
                0x000000000800020c                __aeabi_dadd
                0x000000000800020c                __adddf3
                0x0000000008000484                __floatunsidf
                0x0000000008000484                __aeabi_ui2d
                0x00000000080004a4                __floatsidf
                0x00000000080004a4                __aeabi_i2d
                0x00000000080004c8                __aeabi_f2d
                0x00000000080004c8                __extendsfdf2
                0x000000000800050c                __floatundidf
                0x000000000800050c                __aeabi_ul2d
                0x000000000800051c                __floatdidf
                0x000000000800051c                __aeabi_l2d
 .text          0x0000000008000578      0x110 c:/st/stm32cubeide_1.10.1/stm32cubeide/plugins/com.st.stm32cube.ide.mcu.externaltools.gnu-tools-for-stm32.10.3-2021.10.win32_1.0.0.202111181127/tools/bin/../lib/gcc/arm-none-eabi/10.3.1/thumb/v7e-m+fp/hard\libgcc.a(_arm_cmpdf2.o)
                0x0000000008000578                __gtdf2
                0x0000000008000578                __gedf2
                0x0000000008000580                __ltdf2
                0x0000000008000580                __ledf2
                0x0000000008000588                __nedf2
                0x0000000008000588                __eqdf2
                0x0000000008000588                __cmpdf2
                0x0000000008000604                __aeabi_cdrcmple
                0x0000000008000614                __aeabi_cdcmpeq
                0x0000000008000614                __aeabi_cdcmple
                0x0000000008000624                __aeabi_dcmpeq
                0x0000000008000638                __aeabi_dcmplt
                0x000000000800064c                __aeabi_dcmple
                0x0000000008000660                __aeabi_dcmpge
                0x0000000008000674                __aeabi_dcmpgt
 *(.text*)
 .text.HAL_Init
                0x0000000008000688       0x30 ./Drivers/STM32L4xx_HAL_Driver/Src/stm32l4xx_hal.o
                0x0000000008000688                HAL_Init
 .text.HAL_InitTick
                0x00000000080006b8       0x78 ./Drivers/STM32L4xx_HAL_Driver/Src/stm32l4xx_hal.o
                0x00000000080006b8                HAL_InitTick
 .text.HAL_IncTick
                0x0000000008000730       0x28 ./Drivers/STM32L4xx_HAL_Driver/Src/stm32l4xx_hal.o
                0x0000000008000730                HAL_IncTick
 .text.HAL_GetTick
                0x0000000008000758       0x18 ./Drivers/STM32L4xx_HAL_Driver/Src/stm32l4xx_hal.o
                0x0000000008000758                HAL_GetTick
 .text.HAL_Delay
                0x0000000008000770       0x48 ./Drivers/STM32L4xx_HAL_Driver/Src/stm32l4xx_hal.o
                0x0000000008000770                HAL_Delay
 .text.__NVIC_SetPriorityGrouping
                0x00000000080007b8       0x48 ./Drivers/STM32L4xx_HAL_Driver/Src/stm32l4xx_hal_cortex.o
 .text.__NVIC_GetPriorityGrouping
                0x0000000008000800       0x1c ./Drivers/STM32L4xx_HAL_Driver/Src/stm32l4xx_hal_cortex.o
 .text.__NVIC_SetPriority
                0x000000000800081c       0x54 ./Drivers/STM32L4xx_HAL_Driver/Src/stm32l4xx_hal_cortex.o
 .text.NVIC_EncodePriority
                0x0000000008000870       0x66 ./Drivers/STM32L4xx_HAL_Driver/Src/stm32l4xx_hal_cortex.o
 *fill*         0x00000000080008d6        0x2 
 .text.SysTick_Config
                0x00000000080008d8       0x44 ./Drivers/STM32L4xx_HAL_Driver/Src/stm32l4xx_hal_cortex.o
 .text.HAL_NVIC_SetPriorityGrouping
                0x000000000800091c       0x16 ./Drivers/STM32L4xx_HAL_Driver/Src/stm32l4xx_hal_cortex.o
                0x000000000800091c                HAL_NVIC_SetPriorityGrouping
 .text.HAL_NVIC_SetPriority
                0x0000000008000932       0x38 ./Drivers/STM32L4xx_HAL_Driver/Src/stm32l4xx_hal_cortex.o
                0x0000000008000932                HAL_NVIC_SetPriority
 .text.HAL_SYSTICK_Config
                0x000000000800096a       0x18 ./Drivers/STM32L4xx_HAL_Driver/Src/stm32l4xx_hal_cortex.o
                0x000000000800096a                HAL_SYSTICK_Config
 .text.HAL_DAC_Init
                0x0000000008000982       0x44 ./Drivers/STM32L4xx_HAL_Driver/Src/stm32l4xx_hal_dac.o
                0x0000000008000982                HAL_DAC_Init
 .text.HAL_DAC_Start
                0x00000000080009c6       0xa4 ./Drivers/STM32L4xx_HAL_Driver/Src/stm32l4xx_hal_dac.o
                0x00000000080009c6                HAL_DAC_Start
 .text.HAL_DAC_SetValue
                0x0000000008000a6a       0x4a ./Drivers/STM32L4xx_HAL_Driver/Src/stm32l4xx_hal_dac.o
                0x0000000008000a6a                HAL_DAC_SetValue
 .text.HAL_DAC_ConfigChannel
                0x0000000008000ab4      0x280 ./Drivers/STM32L4xx_HAL_Driver/Src/stm32l4xx_hal_dac.o
                0x0000000008000ab4                HAL_DAC_ConfigChannel
 .text.HAL_GPIO_Init
                0x0000000008000d34      0x324 ./Drivers/STM32L4xx_HAL_Driver/Src/stm32l4xx_hal_gpio.o
                0x0000000008000d34                HAL_GPIO_Init
 .text.HAL_GPIO_ReadPin
                0x0000000008001058       0x30 ./Drivers/STM32L4xx_HAL_Driver/Src/stm32l4xx_hal_gpio.o
                0x0000000008001058                HAL_GPIO_ReadPin
 .text.HAL_GPIO_WritePin
                0x0000000008001088       0x30 ./Drivers/STM32L4xx_HAL_Driver/Src/stm32l4xx_hal_gpio.o
                0x0000000008001088                HAL_GPIO_WritePin
 .text.HAL_PWREx_GetVoltageRange
                0x00000000080010b8       0x40 ./Drivers/STM32L4xx_HAL_Driver/Src/stm32l4xx_hal_pwr_ex.o
                0x00000000080010b8                HAL_PWREx_GetVoltageRange
 .text.HAL_PWREx_ControlVoltageScaling
                0x00000000080010f8      0x148 ./Drivers/STM32L4xx_HAL_Driver/Src/stm32l4xx_hal_pwr_ex.o
                0x00000000080010f8                HAL_PWREx_ControlVoltageScaling
 .text.HAL_RCC_OscConfig
                0x0000000008001240      0x834 ./Drivers/STM32L4xx_HAL_Driver/Src/stm32l4xx_hal_rcc.o
                0x0000000008001240                HAL_RCC_OscConfig
 .text.HAL_RCC_ClockConfig
                0x0000000008001a74      0x274 ./Drivers/STM32L4xx_HAL_Driver/Src/stm32l4xx_hal_rcc.o
                0x0000000008001a74                HAL_RCC_ClockConfig
 .text.HAL_RCC_GetSysClockFreq
                0x0000000008001ce8      0x118 ./Drivers/STM32L4xx_HAL_Driver/Src/stm32l4xx_hal_rcc.o
                0x0000000008001ce8                HAL_RCC_GetSysClockFreq
 .text.HAL_RCC_GetHCLKFreq
                0x0000000008001e00       0x18 ./Drivers/STM32L4xx_HAL_Driver/Src/stm32l4xx_hal_rcc.o
                0x0000000008001e00                HAL_RCC_GetHCLKFreq
 .text.RCC_SetFlashLatencyFromMSIRange
                0x0000000008001e18       0xb4 ./Drivers/STM32L4xx_HAL_Driver/Src/stm32l4xx_hal_rcc.o
 .text.RCC_GetSysClockFreqFromPLLSource
                0x0000000008001ecc       0xcc ./Drivers/STM32L4xx_HAL_Driver/Src/stm32l4xx_hal_rcc.o
 .text.main     0x0000000008001f98      0x190 ./Src/main.o
                0x0000000008001f98                main
 .text.SystemClock_Config
                0x0000000008002128       0xa4 ./Src/main.o
                0x0000000008002128                SystemClock_Config
 .text.MX_DAC1_Init
                0x00000000080021cc       0x80 ./Src/main.o
 .text.MX_GPIO_Init
                0x000000000800224c       0xb8 ./Src/main.o
 .text.Error_Handler
                0x0000000008002304        0xa ./Src/main.o
                0x0000000008002304                Error_Handler
 *fill*         0x000000000800230e        0x2 
 .text.HAL_MspInit
                0x0000000008002310       0x48 ./Src/stm32l4xx_hal_msp.o
                0x0000000008002310                HAL_MspInit
 .text.HAL_DAC_MspInit
                0x0000000008002358       0x7c ./Src/stm32l4xx_hal_msp.o
                0x0000000008002358                HAL_DAC_MspInit
 .text.NMI_Handler
                0x00000000080023d4        0x6 ./Src/stm32l4xx_it.o
                0x00000000080023d4                NMI_Handler
 .text.HardFault_Handler
                0x00000000080023da        0x6 ./Src/stm32l4xx_it.o
                0x00000000080023da                HardFault_Handler
 .text.MemManage_Handler
                0x00000000080023e0        0x6 ./Src/stm32l4xx_it.o
                0x00000000080023e0                MemManage_Handler
 .text.BusFault_Handler
                0x00000000080023e6        0x6 ./Src/stm32l4xx_it.o
                0x00000000080023e6                BusFault_Handler
 .text.UsageFault_Handler
                0x00000000080023ec        0x6 ./Src/stm32l4xx_it.o
                0x00000000080023ec                UsageFault_Handler
 .text.SVC_Handler
                0x00000000080023f2        0xe ./Src/stm32l4xx_it.o
                0x00000000080023f2                SVC_Handler
 .text.DebugMon_Handler
                0x0000000008002400        0xe ./Src/stm32l4xx_it.o
                0x0000000008002400                DebugMon_Handler
 .text.PendSV_Handler
                0x000000000800240e        0xe ./Src/stm32l4xx_it.o
                0x000000000800240e                PendSV_Handler
 .text.SysTick_Handler
                0x000000000800241c        0xc ./Src/stm32l4xx_it.o
                0x000000000800241c                SysTick_Handler
 .text.SystemInit
                0x0000000008002428       0x24 ./Src/system_stm32l4xx.o
                0x0000000008002428                SystemInit
 .text.Reset_Handler
                0x000000000800244c       0x50 ./Startup/startup_stm32l4s5vitx.o
                0x000000000800244c                Reset_Handler
 .text.Default_Handler
                0x000000000800249c        0x2 ./Startup/startup_stm32l4s5vitx.o
                0x000000000800249c                RTC_Alarm_IRQHandler
                0x000000000800249c                EXTI2_IRQHandler
                0x000000000800249c                TIM8_TRG_COM_IRQHandler
                0x000000000800249c                TIM8_CC_IRQHandler
                0x000000000800249c                TIM1_CC_IRQHandler
                0x000000000800249c                TSC_IRQHandler
                0x000000000800249c                TAMP_STAMP_IRQHandler
                0x000000000800249c                EXTI3_IRQHandler
                0x000000000800249c                LPTIM2_IRQHandler
                0x000000000800249c                DFSDM1_FLT1_IRQHandler
                0x000000000800249c                GFXMMU_IRQHandler
                0x000000000800249c                I2C3_ER_IRQHandler
                0x000000000800249c                DFSDM1_FLT2_IRQHandler
                0x000000000800249c                EXTI0_IRQHandler
                0x000000000800249c                I2C2_EV_IRQHandler
                0x000000000800249c                CAN1_RX0_IRQHandler
                0x000000000800249c                FPU_IRQHandler
                0x000000000800249c                TIM1_UP_TIM16_IRQHandler
                0x000000000800249c                LTDC_ER_IRQHandler
                0x000000000800249c                SPI1_IRQHandler
                0x000000000800249c                OCTOSPI1_IRQHandler
                0x000000000800249c                TIM6_DAC_IRQHandler
                0x000000000800249c                DCMI_IRQHandler
                0x000000000800249c                TIM8_UP_IRQHandler
                0x000000000800249c                OCTOSPI2_IRQHandler
                0x000000000800249c                DMA2_Channel2_IRQHandler
                0x000000000800249c                DMA1_Channel4_IRQHandler
                0x000000000800249c                SAI2_IRQHandler
                0x000000000800249c                ADC1_IRQHandler
                0x000000000800249c                DFSDM1_FLT3_IRQHandler
                0x000000000800249c                USART3_IRQHandler
                0x000000000800249c                DMA1_Channel7_IRQHandler
                0x000000000800249c                CAN1_RX1_IRQHandler
                0x000000000800249c                UART5_IRQHandler
                0x000000000800249c                TIM4_IRQHandler
                0x000000000800249c                DMA2_Channel1_IRQHandler
                0x000000000800249c                I2C1_EV_IRQHandler
                0x000000000800249c                DMAMUX1_OVR_IRQHandler
                0x000000000800249c                DMA1_Channel6_IRQHandler
                0x000000000800249c                UART4_IRQHandler
                0x000000000800249c                DMA2_Channel4_IRQHandler
                0x000000000800249c                TIM3_IRQHandler
                0x000000000800249c                RCC_IRQHandler
                0x000000000800249c                DMA1_Channel1_IRQHandler
                0x000000000800249c                Default_Handler
                0x000000000800249c                DMA2_Channel7_IRQHandler
                0x000000000800249c                EXTI15_10_IRQHandler
                0x000000000800249c                TIM7_IRQHandler
                0x000000000800249c                SDMMC1_IRQHandler
                0x000000000800249c                TIM5_IRQHandler
                0x000000000800249c                I2C3_EV_IRQHandler
                0x000000000800249c                EXTI9_5_IRQHandler
                0x000000000800249c                RTC_WKUP_IRQHandler
                0x000000000800249c                LTDC_IRQHandler
                0x000000000800249c                PVD_PVM_IRQHandler
                0x000000000800249c                SPI2_IRQHandler
                0x000000000800249c                CAN1_TX_IRQHandler
                0x000000000800249c                DMA2_Channel5_IRQHandler
                0x000000000800249c                DMA1_Channel5_IRQHandler
                0x000000000800249c                EXTI4_IRQHandler
                0x000000000800249c                RNG_IRQHandler
                0x000000000800249c                TIM1_TRG_COM_TIM17_IRQHandler
                0x000000000800249c                DMA1_Channel3_IRQHandler
                0x000000000800249c                COMP_IRQHandler
                0x000000000800249c                HASH_CRS_IRQHandler
                0x000000000800249c                WWDG_IRQHandler
                0x000000000800249c                I2C4_EV_IRQHandler
                0x000000000800249c                LPUART1_IRQHandler
                0x000000000800249c                DMA2_Channel6_IRQHandler
                0x000000000800249c                TIM2_IRQHandler
                0x000000000800249c                DMA2D_IRQHandler
                0x000000000800249c                EXTI1_IRQHandler
                0x000000000800249c                AES_IRQHandler
                0x000000000800249c                USART2_IRQHandler
                0x000000000800249c                DFSDM1_FLT0_IRQHandler
                0x000000000800249c                I2C2_ER_IRQHandler
                0x000000000800249c                DMA1_Channel2_IRQHandler
                0x000000000800249c                TIM8_BRK_IRQHandler
                0x000000000800249c                CAN1_SCE_IRQHandler
                0x000000000800249c                FLASH_IRQHandler
                0x000000000800249c                USART1_IRQHandler
                0x000000000800249c                OTG_FS_IRQHandler
                0x000000000800249c                SPI3_IRQHandler
                0x000000000800249c                I2C1_ER_IRQHandler
                0x000000000800249c                FMC_IRQHandler
                0x000000000800249c                LPTIM1_IRQHandler
                0x000000000800249c                I2C4_ER_IRQHandler
                0x000000000800249c                SAI1_IRQHandler
                0x000000000800249c                DMA2_Channel3_IRQHandler
                0x000000000800249c                TIM1_BRK_TIM15_IRQHandler
 *fill*         0x000000000800249e        0x2 
 .text.arm_sin_f32
                0x00000000080024a0       0x8c ../Lib\libarm_cortexM4lf_math.a(arm_sin_f32.o)
                0x00000000080024a0                arm_sin_f32
 .text.__libc_init_array
                0x000000000800252c       0x48 c:/st/stm32cubeide_1.10.1/stm32cubeide/plugins/com.st.stm32cube.ide.mcu.externaltools.gnu-tools-for-stm32.10.3-2021.10.win32_1.0.0.202111181127/tools/bin/../lib/gcc/arm-none-eabi/10.3.1/../../../../arm-none-eabi/lib/thumb/v7e-m+fp/hard\libc_nano.a(lib_a-init.o)
                0x000000000800252c                __libc_init_array
 .text.memset   0x0000000008002574       0x10 c:/st/stm32cubeide_1.10.1/stm32cubeide/plugins/com.st.stm32cube.ide.mcu.externaltools.gnu-tools-for-stm32.10.3-2021.10.win32_1.0.0.202111181127/tools/bin/../lib/gcc/arm-none-eabi/10.3.1/../../../../arm-none-eabi/lib/thumb/v7e-m+fp/hard\libc_nano.a(lib_a-memset.o)
                0x0000000008002574                memset
 *(.glue_7)
 .glue_7        0x0000000008002584        0x0 linker stubs
 *(.glue_7t)
 .glue_7t       0x0000000008002584        0x0 linker stubs
 *(.eh_frame)
 .eh_frame      0x0000000008002584        0x0 c:/st/stm32cubeide_1.10.1/stm32cubeide/plugins/com.st.stm32cube.ide.mcu.externaltools.gnu-tools-for-stm32.10.3-2021.10.win32_1.0.0.202111181127/tools/bin/../lib/gcc/arm-none-eabi/10.3.1/thumb/v7e-m+fp/hard/crtbegin.o
 *(.init)
 .init          0x0000000008002584        0x4 c:/st/stm32cubeide_1.10.1/stm32cubeide/plugins/com.st.stm32cube.ide.mcu.externaltools.gnu-tools-for-stm32.10.3-2021.10.win32_1.0.0.202111181127/tools/bin/../lib/gcc/arm-none-eabi/10.3.1/thumb/v7e-m+fp/hard/crti.o
                0x0000000008002584                _init
 .init          0x0000000008002588        0x8 c:/st/stm32cubeide_1.10.1/stm32cubeide/plugins/com.st.stm32cube.ide.mcu.externaltools.gnu-tools-for-stm32.10.3-2021.10.win32_1.0.0.202111181127/tools/bin/../lib/gcc/arm-none-eabi/10.3.1/thumb/v7e-m+fp/hard/crtn.o
 *(.fini)
 .fini          0x0000000008002590        0x4 c:/st/stm32cubeide_1.10.1/stm32cubeide/plugins/com.st.stm32cube.ide.mcu.externaltools.gnu-tools-for-stm32.10.3-2021.10.win32_1.0.0.202111181127/tools/bin/../lib/gcc/arm-none-eabi/10.3.1/thumb/v7e-m+fp/hard/crti.o
                0x0000000008002590                _fini
 .fini          0x0000000008002594        0x8 c:/st/stm32cubeide_1.10.1/stm32cubeide/plugins/com.st.stm32cube.ide.mcu.externaltools.gnu-tools-for-stm32.10.3-2021.10.win32_1.0.0.202111181127/tools/bin/../lib/gcc/arm-none-eabi/10.3.1/thumb/v7e-m+fp/hard/crtn.o
                0x000000000800259c                . = ALIGN (0x4)
                0x000000000800259c                _etext = .

.vfp11_veneer   0x000000000800259c        0x0
 .vfp11_veneer  0x000000000800259c        0x0 linker stubs

.v4_bx          0x000000000800259c        0x0
 .v4_bx         0x000000000800259c        0x0 linker stubs

.iplt           0x000000000800259c        0x0
 .iplt          0x000000000800259c        0x0 c:/st/stm32cubeide_1.10.1/stm32cubeide/plugins/com.st.stm32cube.ide.mcu.externaltools.gnu-tools-for-stm32.10.3-2021.10.win32_1.0.0.202111181127/tools/bin/../lib/gcc/arm-none-eabi/10.3.1/thumb/v7e-m+fp/hard/crtbegin.o

.rodata         0x000000000800259c      0x844
                0x000000000800259c                . = ALIGN (0x4)
 *(.rodata)
 *(.rodata*)
 .rodata.AHBPrescTable
                0x000000000800259c       0x10 ./Src/system_stm32l4xx.o
                0x000000000800259c                AHBPrescTable
 .rodata.MSIRangeTable
                0x00000000080025ac       0x30 ./Src/system_stm32l4xx.o
                0x00000000080025ac                MSIRangeTable
 .rodata.sinTable_f32
                0x00000000080025dc      0x804 ../Lib\libarm_cortexM4lf_math.a(arm_common_tables.o)
                0x00000000080025dc                sinTable_f32
                0x0000000008002de0                . = ALIGN (0x4)

.rel.dyn        0x0000000008002de0        0x0
 .rel.iplt      0x0000000008002de0        0x0 c:/st/stm32cubeide_1.10.1/stm32cubeide/plugins/com.st.stm32cube.ide.mcu.externaltools.gnu-tools-for-stm32.10.3-2021.10.win32_1.0.0.202111181127/tools/bin/../lib/gcc/arm-none-eabi/10.3.1/thumb/v7e-m+fp/hard/crtbegin.o

.ARM.extab      0x0000000008002de0        0x0
                0x0000000008002de0                . = ALIGN (0x4)
 *(.ARM.extab* .gnu.linkonce.armextab.*)
                0x0000000008002de0                . = ALIGN (0x4)

.ARM            0x0000000008002de0        0x0
                0x0000000008002de0                . = ALIGN (0x4)
                0x0000000008002de0                __exidx_start = .
 *(.ARM.exidx*)
                0x0000000008002de0                __exidx_end = .
                0x0000000008002de0                . = ALIGN (0x4)

.preinit_array  0x0000000008002de0        0x0
                0x0000000008002de0                . = ALIGN (0x4)
                0x0000000008002de0                PROVIDE (__preinit_array_start = .)
 *(.preinit_array*)
                0x0000000008002de0                PROVIDE (__preinit_array_end = .)
                0x0000000008002de0                . = ALIGN (0x4)

.init_array     0x0000000008002de0        0x4
                0x0000000008002de0                . = ALIGN (0x4)
                0x0000000008002de0                PROVIDE (__init_array_start = .)
 *(SORT_BY_NAME(.init_array.*))
 *(.init_array*)
 .init_array    0x0000000008002de0        0x4 c:/st/stm32cubeide_1.10.1/stm32cubeide/plugins/com.st.stm32cube.ide.mcu.externaltools.gnu-tools-for-stm32.10.3-2021.10.win32_1.0.0.202111181127/tools/bin/../lib/gcc/arm-none-eabi/10.3.1/thumb/v7e-m+fp/hard/crtbegin.o
                0x0000000008002de4                PROVIDE (__init_array_end = .)
                0x0000000008002de4                . = ALIGN (0x4)

.fini_array     0x0000000008002de4        0x4
                0x0000000008002de4                . = ALIGN (0x4)
                [!provide]                        PROVIDE (__fini_array_start = .)
 *(SORT_BY_NAME(.fini_array.*))
 *(.fini_array*)
 .fini_array    0x0000000008002de4        0x4 c:/st/stm32cubeide_1.10.1/stm32cubeide/plugins/com.st.stm32cube.ide.mcu.externaltools.gnu-tools-for-stm32.10.3-2021.10.win32_1.0.0.202111181127/tools/bin/../lib/gcc/arm-none-eabi/10.3.1/thumb/v7e-m+fp/hard/crtbegin.o
                [!provide]                        PROVIDE (__fini_array_end = .)
                0x0000000008002de8                . = ALIGN (0x4)
                0x0000000008002de8                _sidata = LOADADDR (.data)

.data           0x0000000020000000        0xc load address 0x0000000008002de8
                0x0000000020000000                . = ALIGN (0x4)
                0x0000000020000000                _sdata = .
 *(.data)
 *(.data*)
 .data.uwTickPrio
                0x0000000020000000        0x4 ./Drivers/STM32L4xx_HAL_Driver/Src/stm32l4xx_hal.o
                0x0000000020000000                uwTickPrio
 .data.uwTickFreq
                0x0000000020000004        0x1 ./Drivers/STM32L4xx_HAL_Driver/Src/stm32l4xx_hal.o
                0x0000000020000004                uwTickFreq
 *fill*         0x0000000020000005        0x3 
 .data.SystemCoreClock
                0x0000000020000008        0x4 ./Src/system_stm32l4xx.o
                0x0000000020000008                SystemCoreClock
 *(.RamFunc)
 *(.RamFunc*)
                0x000000002000000c                . = ALIGN (0x4)
                0x000000002000000c                _edata = .

.igot.plt       0x000000002000000c        0x0 load address 0x0000000008002df4
 .igot.plt      0x000000002000000c        0x0 c:/st/stm32cubeide_1.10.1/stm32cubeide/plugins/com.st.stm32cube.ide.mcu.externaltools.gnu-tools-for-stm32.10.3-2021.10.win32_1.0.0.202111181127/tools/bin/../lib/gcc/arm-none-eabi/10.3.1/thumb/v7e-m+fp/hard/crtbegin.o
                0x000000002000000c                . = ALIGN (0x4)

.bss            0x000000002000000c       0x34 load address 0x0000000008002df4
                0x000000002000000c                _sbss = .
                0x000000002000000c                __bss_start__ = _sbss
 *(.bss)
 .bss           0x000000002000000c       0x1c c:/st/stm32cubeide_1.10.1/stm32cubeide/plugins/com.st.stm32cube.ide.mcu.externaltools.gnu-tools-for-stm32.10.3-2021.10.win32_1.0.0.202111181127/tools/bin/../lib/gcc/arm-none-eabi/10.3.1/thumb/v7e-m+fp/hard/crtbegin.o
 *(.bss*)
 .bss.uwTick    0x0000000020000028        0x4 ./Drivers/STM32L4xx_HAL_Driver/Src/stm32l4xx_hal.o
                0x0000000020000028                uwTick
 .bss.hdac1     0x000000002000002c       0x14 ./Src/main.o
                0x000000002000002c                hdac1
 *(COMMON)
                0x0000000020000040                . = ALIGN (0x4)
                0x0000000020000040                _ebss = .
                0x0000000020000040                __bss_end__ = _ebss

._user_heap_stack
                0x0000000020000040      0x600 load address 0x0000000008002df4
                0x0000000020000040                . = ALIGN (0x8)
                [!provide]                        PROVIDE (end = .)
                0x0000000020000040                PROVIDE (_end = .)
                0x0000000020000240                . = (. + _Min_Heap_Size)
 *fill*         0x0000000020000040      0x200 
                0x0000000020000640                . = (. + _Min_Stack_Size)
 *fill*         0x0000000020000240      0x400 
                0x0000000020000640                . = ALIGN (0x8)

/DISCARD/
 libc.a(*)
 libm.a(*)
 libgcc.a(*)

.ARM.attributes
                0x0000000000000000       0x30
 *(.ARM.attributes)
 .ARM.attributes
                0x0000000000000000       0x1e c:/st/stm32cubeide_1.10.1/stm32cubeide/plugins/com.st.stm32cube.ide.mcu.externaltools.gnu-tools-for-stm32.10.3-2021.10.win32_1.0.0.202111181127/tools/bin/../lib/gcc/arm-none-eabi/10.3.1/thumb/v7e-m+fp/hard/crti.o
 .ARM.attributes
                0x000000000000001e       0x34 c:/st/stm32cubeide_1.10.1/stm32cubeide/plugins/com.st.stm32cube.ide.mcu.externaltools.gnu-tools-for-stm32.10.3-2021.10.win32_1.0.0.202111181127/tools/bin/../lib/gcc/arm-none-eabi/10.3.1/thumb/v7e-m+fp/hard/crtbegin.o
 .ARM.attributes
                0x0000000000000052       0x34 ./Drivers/STM32L4xx_HAL_Driver/Src/stm32l4xx_hal.o
 .ARM.attributes
                0x0000000000000086       0x34 ./Drivers/STM32L4xx_HAL_Driver/Src/stm32l4xx_hal_cortex.o
 .ARM.attributes
                0x00000000000000ba       0x34 ./Drivers/STM32L4xx_HAL_Driver/Src/stm32l4xx_hal_dac.o
 .ARM.attributes
                0x00000000000000ee       0x34 ./Drivers/STM32L4xx_HAL_Driver/Src/stm32l4xx_hal_gpio.o
 .ARM.attributes
                0x0000000000000122       0x34 ./Drivers/STM32L4xx_HAL_Driver/Src/stm32l4xx_hal_pwr_ex.o
 .ARM.attributes
                0x0000000000000156       0x34 ./Drivers/STM32L4xx_HAL_Driver/Src/stm32l4xx_hal_rcc.o
 .ARM.attributes
                0x000000000000018a       0x34 ./Src/main.o
 .ARM.attributes
                0x00000000000001be       0x34 ./Src/stm32l4xx_hal_msp.o
 .ARM.attributes
                0x00000000000001f2       0x34 ./Src/stm32l4xx_it.o
 .ARM.attributes
                0x0000000000000226       0x34 ./Src/system_stm32l4xx.o
 .ARM.attributes
                0x000000000000025a       0x21 ./Startup/startup_stm32l4s5vitx.o
 .ARM.attributes
                0x000000000000027b       0x34 ../Lib\libarm_cortexM4lf_math.a(arm_sin_f32.o)
 .ARM.attributes
                0x00000000000002af       0x39 ../Lib\libarm_cortexM4lf_math.a(arm_common_tables.o)
 .ARM.attributes
                0x00000000000002e8       0x34 c:/st/stm32cubeide_1.10.1/stm32cubeide/plugins/com.st.stm32cube.ide.mcu.externaltools.gnu-tools-for-stm32.10.3-2021.10.win32_1.0.0.202111181127/tools/bin/../lib/gcc/arm-none-eabi/10.3.1/../../../../arm-none-eabi/lib/thumb/v7e-m+fp/hard\libc_nano.a(lib_a-init.o)
 .ARM.attributes
                0x000000000000031c       0x34 c:/st/stm32cubeide_1.10.1/stm32cubeide/plugins/com.st.stm32cube.ide.mcu.externaltools.gnu-tools-for-stm32.10.3-2021.10.win32_1.0.0.202111181127/tools/bin/../lib/gcc/arm-none-eabi/10.3.1/../../../../arm-none-eabi/lib/thumb/v7e-m+fp/hard\libc_nano.a(lib_a-memset.o)
 .ARM.attributes
                0x0000000000000350       0x1e c:/st/stm32cubeide_1.10.1/stm32cubeide/plugins/com.st.stm32cube.ide.mcu.externaltools.gnu-tools-for-stm32.10.3-2021.10.win32_1.0.0.202111181127/tools/bin/../lib/gcc/arm-none-eabi/10.3.1/thumb/v7e-m+fp/hard\libgcc.a(_arm_addsubdf3.o)
 .ARM.attributes
                0x000000000000036e       0x1e c:/st/stm32cubeide_1.10.1/stm32cubeide/plugins/com.st.stm32cube.ide.mcu.externaltools.gnu-tools-for-stm32.10.3-2021.10.win32_1.0.0.202111181127/tools/bin/../lib/gcc/arm-none-eabi/10.3.1/thumb/v7e-m+fp/hard\libgcc.a(_arm_cmpdf2.o)
 .ARM.attributes
                0x000000000000038c       0x1e c:/st/stm32cubeide_1.10.1/stm32cubeide/plugins/com.st.stm32cube.ide.mcu.externaltools.gnu-tools-for-stm32.10.3-2021.10.win32_1.0.0.202111181127/tools/bin/../lib/gcc/arm-none-eabi/10.3.1/thumb/v7e-m+fp/hard/crtn.o
OUTPUT(LAB2.elf elf32-littlearm)
LOAD linker stubs
LOAD c:/st/stm32cubeide_1.10.1/stm32cubeide/plugins/com.st.stm32cube.ide.mcu.externaltools.gnu-tools-for-stm32.10.3-2021.10.win32_1.0.0.202111181127/tools/bin/../lib/gcc/arm-none-eabi/10.3.1/../../../../arm-none-eabi/lib/thumb/v7e-m+fp/hard\libc.a
LOAD c:/st/stm32cubeide_1.10.1/stm32cubeide/plugins/com.st.stm32cube.ide.mcu.externaltools.gnu-tools-for-stm32.10.3-2021.10.win32_1.0.0.202111181127/tools/bin/../lib/gcc/arm-none-eabi/10.3.1/../../../../arm-none-eabi/lib/thumb/v7e-m+fp/hard\libm.a
LOAD c:/st/stm32cubeide_1.10.1/stm32cubeide/plugins/com.st.stm32cube.ide.mcu.externaltools.gnu-tools-for-stm32.10.3-2021.10.win32_1.0.0.202111181127/tools/bin/../lib/gcc/arm-none-eabi/10.3.1/thumb/v7e-m+fp/hard\libgcc.a

.debug_info     0x0000000000000000     0x9897
 .debug_info    0x0000000000000000      0xb99 ./Drivers/STM32L4xx_HAL_Driver/Src/stm32l4xx_hal.o
 .debug_info    0x0000000000000b99      0xe3f ./Drivers/STM32L4xx_HAL_Driver/Src/stm32l4xx_hal_cortex.o
 .debug_info    0x00000000000019d8      0xc5b ./Drivers/STM32L4xx_HAL_Driver/Src/stm32l4xx_hal_dac.o
 .debug_info    0x0000000000002633      0x859 ./Drivers/STM32L4xx_HAL_Driver/Src/stm32l4xx_hal_gpio.o
 .debug_info    0x0000000000002e8c      0xa5e ./Drivers/STM32L4xx_HAL_Driver/Src/stm32l4xx_hal_pwr_ex.o
 .debug_info    0x00000000000038ea      0xe19 ./Drivers/STM32L4xx_HAL_Driver/Src/stm32l4xx_hal_rcc.o
 .debug_info    0x0000000000004703      0xf4f ./Src/main.o
 .debug_info    0x0000000000005652      0xa6d ./Src/stm32l4xx_hal_msp.o
 .debug_info    0x00000000000060bf      0x122 ./Src/stm32l4xx_it.o
 .debug_info    0x00000000000061e1      0x5fe ./Src/system_stm32l4xx.o
 .debug_info    0x00000000000067df       0x22 ./Startup/startup_stm32l4s5vitx.o
 .debug_info    0x0000000000006801     0x1612 ../Lib\libarm_cortexM4lf_math.a(arm_sin_f32.o)
 .debug_info    0x0000000000007e13     0x1a84 ../Lib\libarm_cortexM4lf_math.a(arm_common_tables.o)

.debug_abbrev   0x0000000000000000     0x1768
 .debug_abbrev  0x0000000000000000      0x23a ./Drivers/STM32L4xx_HAL_Driver/Src/stm32l4xx_hal.o
 .debug_abbrev  0x000000000000023a      0x316 ./Drivers/STM32L4xx_HAL_Driver/Src/stm32l4xx_hal_cortex.o
 .debug_abbrev  0x0000000000000550      0x209 ./Drivers/STM32L4xx_HAL_Driver/Src/stm32l4xx_hal_dac.o
 .debug_abbrev  0x0000000000000759      0x1bb ./Drivers/STM32L4xx_HAL_Driver/Src/stm32l4xx_hal_gpio.o
 .debug_abbrev  0x0000000000000914      0x1f3 ./Drivers/STM32L4xx_HAL_Driver/Src/stm32l4xx_hal_pwr_ex.o
 .debug_abbrev  0x0000000000000b07      0x2f9 ./Drivers/STM32L4xx_HAL_Driver/Src/stm32l4xx_hal_rcc.o
 .debug_abbrev  0x0000000000000e00      0x22f ./Src/main.o
 .debug_abbrev  0x000000000000102f      0x194 ./Src/stm32l4xx_hal_msp.o
 .debug_abbrev  0x00000000000011c3       0x74 ./Src/stm32l4xx_it.o
 .debug_abbrev  0x0000000000001237      0x116 ./Src/system_stm32l4xx.o
 .debug_abbrev  0x000000000000134d       0x12 ./Startup/startup_stm32l4s5vitx.o
 .debug_abbrev  0x000000000000135f      0x22c ../Lib\libarm_cortexM4lf_math.a(arm_sin_f32.o)
 .debug_abbrev  0x000000000000158b      0x1dd ../Lib\libarm_cortexM4lf_math.a(arm_common_tables.o)

.debug_aranges  0x0000000000000000      0x6c0
 .debug_aranges
                0x0000000000000000      0x130 ./Drivers/STM32L4xx_HAL_Driver/Src/stm32l4xx_hal.o
 .debug_aranges
                0x0000000000000130      0x118 ./Drivers/STM32L4xx_HAL_Driver/Src/stm32l4xx_hal_cortex.o
 .debug_aranges
                0x0000000000000248       0xc0 ./Drivers/STM32L4xx_HAL_Driver/Src/stm32l4xx_hal_dac.o
 .debug_aranges
                0x0000000000000308       0x58 ./Drivers/STM32L4xx_HAL_Driver/Src/stm32l4xx_hal_gpio.o
 .debug_aranges
                0x0000000000000360      0x170 ./Drivers/STM32L4xx_HAL_Driver/Src/stm32l4xx_hal_pwr_ex.o
 .debug_aranges
                0x00000000000004d0       0x98 ./Drivers/STM32L4xx_HAL_Driver/Src/stm32l4xx_hal_rcc.o
 .debug_aranges
                0x0000000000000568       0x40 ./Src/main.o
 .debug_aranges
                0x00000000000005a8       0x30 ./Src/stm32l4xx_hal_msp.o
 .debug_aranges
                0x00000000000005d8       0x60 ./Src/stm32l4xx_it.o
 .debug_aranges
                0x0000000000000638       0x28 ./Src/system_stm32l4xx.o
 .debug_aranges
                0x0000000000000660       0x28 ./Startup/startup_stm32l4s5vitx.o
 .debug_aranges
                0x0000000000000688       0x20 ../Lib\libarm_cortexM4lf_math.a(arm_sin_f32.o)
 .debug_aranges
                0x00000000000006a8       0x18 ../Lib\libarm_cortexM4lf_math.a(arm_common_tables.o)

.debug_ranges   0x0000000000000000      0x5f0
 .debug_ranges  0x0000000000000000      0x120 ./Drivers/STM32L4xx_HAL_Driver/Src/stm32l4xx_hal.o
 .debug_ranges  0x0000000000000120      0x108 ./Drivers/STM32L4xx_HAL_Driver/Src/stm32l4xx_hal_cortex.o
 .debug_ranges  0x0000000000000228       0xb0 ./Drivers/STM32L4xx_HAL_Driver/Src/stm32l4xx_hal_dac.o
 .debug_ranges  0x00000000000002d8       0x48 ./Drivers/STM32L4xx_HAL_Driver/Src/stm32l4xx_hal_gpio.o
 .debug_ranges  0x0000000000000320      0x160 ./Drivers/STM32L4xx_HAL_Driver/Src/stm32l4xx_hal_pwr_ex.o
 .debug_ranges  0x0000000000000480       0x88 ./Drivers/STM32L4xx_HAL_Driver/Src/stm32l4xx_hal_rcc.o
 .debug_ranges  0x0000000000000508       0x30 ./Src/main.o
 .debug_ranges  0x0000000000000538       0x20 ./Src/stm32l4xx_hal_msp.o
 .debug_ranges  0x0000000000000558       0x50 ./Src/stm32l4xx_it.o
 .debug_ranges  0x00000000000005a8       0x18 ./Src/system_stm32l4xx.o
 .debug_ranges  0x00000000000005c0       0x20 ./Startup/startup_stm32l4s5vitx.o
 .debug_ranges  0x00000000000005e0       0x10 ../Lib\libarm_cortexM4lf_math.a(arm_sin_f32.o)

.debug_macro    0x0000000000000000    0x294c8
 .debug_macro   0x0000000000000000      0x221 ./Drivers/STM32L4xx_HAL_Driver/Src/stm32l4xx_hal.o
 .debug_macro   0x0000000000000221      0xa78 ./Drivers/STM32L4xx_HAL_Driver/Src/stm32l4xx_hal.o
 .debug_macro   0x0000000000000c99      0x1a7 ./Drivers/STM32L4xx_HAL_Driver/Src/stm32l4xx_hal.o
 .debug_macro   0x0000000000000e40       0x2e ./Drivers/STM32L4xx_HAL_Driver/Src/stm32l4xx_hal.o
 .debug_macro   0x0000000000000e6e       0x28 ./Drivers/STM32L4xx_HAL_Driver/Src/stm32l4xx_hal.o
 .debug_macro   0x0000000000000e96       0x22 ./Drivers/STM32L4xx_HAL_Driver/Src/stm32l4xx_hal.o
 .debug_macro   0x0000000000000eb8       0x8e ./Drivers/STM32L4xx_HAL_Driver/Src/stm32l4xx_hal.o
 .debug_macro   0x0000000000000f46       0x51 ./Drivers/STM32L4xx_HAL_Driver/Src/stm32l4xx_hal.o
 .debug_macro   0x0000000000000f97      0x103 ./Drivers/STM32L4xx_HAL_Driver/Src/stm32l4xx_hal.o
 .debug_macro   0x000000000000109a       0x6a ./Drivers/STM32L4xx_HAL_Driver/Src/stm32l4xx_hal.o
 .debug_macro   0x0000000000001104      0x1df ./Drivers/STM32L4xx_HAL_Driver/Src/stm32l4xx_hal.o
 .debug_macro   0x00000000000012e3       0x1c ./Drivers/STM32L4xx_HAL_Driver/Src/stm32l4xx_hal.o
 .debug_macro   0x00000000000012ff       0x22 ./Drivers/STM32L4xx_HAL_Driver/Src/stm32l4xx_hal.o
 .debug_macro   0x0000000000001321       0xfb ./Drivers/STM32L4xx_HAL_Driver/Src/stm32l4xx_hal.o
 .debug_macro   0x000000000000141c     0x1011 ./Drivers/STM32L4xx_HAL_Driver/Src/stm32l4xx_hal.o
 .debug_macro   0x000000000000242d      0x11f ./Drivers/STM32L4xx_HAL_Driver/Src/stm32l4xx_hal.o
 .debug_macro   0x000000000000254c    0x1d292 ./Drivers/STM32L4xx_HAL_Driver/Src/stm32l4xx_hal.o
 .debug_macro   0x000000000001f7de       0x6d ./Drivers/STM32L4xx_HAL_Driver/Src/stm32l4xx_hal.o
 .debug_macro   0x000000000001f84b     0x38ed ./Drivers/STM32L4xx_HAL_Driver/Src/stm32l4xx_hal.o
 .debug_macro   0x0000000000023138      0x174 ./Drivers/STM32L4xx_HAL_Driver/Src/stm32l4xx_hal.o
 .debug_macro   0x00000000000232ac       0x5c ./Drivers/STM32L4xx_HAL_Driver/Src/stm32l4xx_hal.o
 .debug_macro   0x0000000000023308     0x1910 ./Drivers/STM32L4xx_HAL_Driver/Src/stm32l4xx_hal.o
 .debug_macro   0x0000000000024c18      0x7dc ./Drivers/STM32L4xx_HAL_Driver/Src/stm32l4xx_hal.o
 .debug_macro   0x00000000000253f4      0x1b9 ./Drivers/STM32L4xx_HAL_Driver/Src/stm32l4xx_hal.o
 .debug_macro   0x00000000000255ad      0x225 ./Drivers/STM32L4xx_HAL_Driver/Src/stm32l4xx_hal.o
 .debug_macro   0x00000000000257d2      0x486 ./Drivers/STM32L4xx_HAL_Driver/Src/stm32l4xx_hal.o
 .debug_macro   0x0000000000025c58      0x1ce ./Drivers/STM32L4xx_HAL_Driver/Src/stm32l4xx_hal.o
 .debug_macro   0x0000000000025e26       0x43 ./Drivers/STM32L4xx_HAL_Driver/Src/stm32l4xx_hal.o
 .debug_macro   0x0000000000025e69      0x23d ./Drivers/STM32L4xx_HAL_Driver/Src/stm32l4xx_hal.o
 .debug_macro   0x00000000000260a6      0x184 ./Drivers/STM32L4xx_HAL_Driver/Src/stm32l4xx_hal.o
 .debug_macro   0x000000000002622a       0xdf ./Drivers/STM32L4xx_HAL_Driver/Src/stm32l4xx_hal.o
 .debug_macro   0x0000000000026309      0x241 ./Drivers/STM32L4xx_HAL_Driver/Src/stm32l4xx_hal.o
 .debug_macro   0x000000000002654a      0x416 ./Drivers/STM32L4xx_HAL_Driver/Src/stm32l4xx_hal.o
 .debug_macro   0x0000000000026960       0x1c ./Drivers/STM32L4xx_HAL_Driver/Src/stm32l4xx_hal.o
 .debug_macro   0x000000000002697c       0xf2 ./Drivers/STM32L4xx_HAL_Driver/Src/stm32l4xx_hal.o
 .debug_macro   0x0000000000026a6e      0x22c ./Drivers/STM32L4xx_HAL_Driver/Src/stm32l4xx_hal.o
 .debug_macro   0x0000000000026c9a       0x61 ./Drivers/STM32L4xx_HAL_Driver/Src/stm32l4xx_hal.o
 .debug_macro   0x0000000000026cfb       0xa5 ./Drivers/STM32L4xx_HAL_Driver/Src/stm32l4xx_hal.o
 .debug_macro   0x0000000000026da0      0x122 ./Drivers/STM32L4xx_HAL_Driver/Src/stm32l4xx_hal.o
 .debug_macro   0x0000000000026ec2      0x3f6 ./Drivers/STM32L4xx_HAL_Driver/Src/stm32l4xx_hal.o
 .debug_macro   0x00000000000272b8      0x432 ./Drivers/STM32L4xx_HAL_Driver/Src/stm32l4xx_hal.o
 .debug_macro   0x00000000000276ea      0x1d3 ./Drivers/STM32L4xx_HAL_Driver/Src/stm32l4xx_hal_cortex.o
 .debug_macro   0x00000000000278bd      0x1e2 ./Drivers/STM32L4xx_HAL_Driver/Src/stm32l4xx_hal_dac.o
 .debug_macro   0x0000000000027a9f      0x1da ./Drivers/STM32L4xx_HAL_Driver/Src/stm32l4xx_hal_gpio.o
 .debug_macro   0x0000000000027c79      0x1fd ./Drivers/STM32L4xx_HAL_Driver/Src/stm32l4xx_hal_pwr_ex.o
 .debug_macro   0x0000000000027e76      0x215 ./Drivers/STM32L4xx_HAL_Driver/Src/stm32l4xx_hal_rcc.o
 .debug_macro   0x000000000002808b      0x2ea ./Src/main.o
 .debug_macro   0x0000000000028375       0x1c ./Src/main.o
 .debug_macro   0x0000000000028391       0x52 ./Src/main.o
 .debug_macro   0x00000000000283e3       0x1e ./Src/main.o
 .debug_macro   0x0000000000028401       0x3c ./Src/main.o
 .debug_macro   0x000000000002843d       0x34 ./Src/main.o
 .debug_macro   0x0000000000028471       0x16 ./Src/main.o
 .debug_macro   0x0000000000028487       0x43 ./Src/main.o
 .debug_macro   0x00000000000284ca       0x34 ./Src/main.o
 .debug_macro   0x00000000000284fe       0x10 ./Src/main.o
 .debug_macro   0x000000000002850e       0x58 ./Src/main.o
 .debug_macro   0x0000000000028566       0x71 ./Src/main.o
 .debug_macro   0x00000000000285d7       0x1c ./Src/main.o
 .debug_macro   0x00000000000285f3      0x12a ./Src/main.o
 .debug_macro   0x000000000002871d      0x341 ./Src/main.o
 .debug_macro   0x0000000000028a5e       0x10 ./Src/main.o
 .debug_macro   0x0000000000028a6e       0x35 ./Src/main.o
 .debug_macro   0x0000000000028aa3       0x20 ./Src/main.o
 .debug_macro   0x0000000000028ac3      0x19b ./Src/main.o
 .debug_macro   0x0000000000028c5e      0x201 ./Src/main.o
 .debug_macro   0x0000000000028e5f       0xc8 ./Src/main.o
 .debug_macro   0x0000000000028f27      0x1e2 ./Src/stm32l4xx_hal_msp.o
 .debug_macro   0x0000000000029109      0x1ec ./Src/stm32l4xx_it.o
 .debug_macro   0x00000000000292f5      0x1d3 ./Src/system_stm32l4xx.o

.debug_line     0x0000000000000000     0x7086
 .debug_line    0x0000000000000000      0xabf ./Drivers/STM32L4xx_HAL_Driver/Src/stm32l4xx_hal.o
 .debug_line    0x0000000000000abf      0xc66 ./Drivers/STM32L4xx_HAL_Driver/Src/stm32l4xx_hal_cortex.o
 .debug_line    0x0000000000001725      0xbb8 ./Drivers/STM32L4xx_HAL_Driver/Src/stm32l4xx_hal_dac.o
 .debug_line    0x00000000000022dd      0xb1b ./Drivers/STM32L4xx_HAL_Driver/Src/stm32l4xx_hal_gpio.o
 .debug_line    0x0000000000002df8      0xd2c ./Drivers/STM32L4xx_HAL_Driver/Src/stm32l4xx_hal_pwr_ex.o
 .debug_line    0x0000000000003b24     0x1013 ./Drivers/STM32L4xx_HAL_Driver/Src/stm32l4xx_hal_rcc.o
 .debug_line    0x0000000000004b37      0x9b9 ./Src/main.o
 .debug_line    0x00000000000054f0      0x711 ./Src/stm32l4xx_hal_msp.o
 .debug_line    0x0000000000005c01      0x78d ./Src/stm32l4xx_it.o
 .debug_line    0x000000000000638e      0x762 ./Src/system_stm32l4xx.o
 .debug_line    0x0000000000006af0       0x83 ./Startup/startup_stm32l4s5vitx.o
 .debug_line    0x0000000000006b73      0x2d0 ../Lib\libarm_cortexM4lf_math.a(arm_sin_f32.o)
 .debug_line    0x0000000000006e43      0x243 ../Lib\libarm_cortexM4lf_math.a(arm_common_tables.o)

.debug_str      0x0000000000000000    0xfd618
 .debug_str     0x0000000000000000    0xf6dfd ./Drivers/STM32L4xx_HAL_Driver/Src/stm32l4xx_hal.o
                                      0xf725b (size before relaxing)
 .debug_str     0x00000000000f6dfd      0x3a2 ./Drivers/STM32L4xx_HAL_Driver/Src/stm32l4xx_hal_cortex.o
                                      0xf6eea (size before relaxing)
 .debug_str     0x00000000000f719f      0x79d ./Drivers/STM32L4xx_HAL_Driver/Src/stm32l4xx_hal_dac.o
                                      0xf6c54 (size before relaxing)
 .debug_str     0x00000000000f793c      0x1e5 ./Drivers/STM32L4xx_HAL_Driver/Src/stm32l4xx_hal_gpio.o
                                      0xf67f7 (size before relaxing)
 .debug_str     0x00000000000f7b21      0x59a ./Drivers/STM32L4xx_HAL_Driver/Src/stm32l4xx_hal_pwr_ex.o
                                      0xf6c50 (size before relaxing)
 .debug_str     0x00000000000f80bb      0x57c ./Drivers/STM32L4xx_HAL_Driver/Src/stm32l4xx_hal_rcc.o
                                      0xf6cf0 (size before relaxing)
 .debug_str     0x00000000000f8637     0x4267 ./Src/main.o
                                      0xfb0ad (size before relaxing)
 .debug_str     0x00000000000fc89e       0x1b ./Src/stm32l4xx_hal_msp.o
                                      0xf6abb (size before relaxing)
 .debug_str     0x00000000000fc8b9       0xb8 ./Src/stm32l4xx_it.o
                                      0xf651d (size before relaxing)
 .debug_str     0x00000000000fc971       0x3b ./Src/system_stm32l4xx.o
                                      0xf6678 (size before relaxing)
 .debug_str     0x00000000000fc9ac       0x31 ./Startup/startup_stm32l4s5vitx.o
                                         0x62 (size before relaxing)
 .debug_str     0x00000000000fc9dd      0xc0d ../Lib\libarm_cortexM4lf_math.a(arm_sin_f32.o)
                                        0xd42 (size before relaxing)
 .debug_str     0x00000000000fd5ea       0x2e ../Lib\libarm_cortexM4lf_math.a(arm_common_tables.o)
                                        0xd1d (size before relaxing)

.comment        0x0000000000000000       0xc5
 .comment       0x0000000000000000       0x50 ./Drivers/STM32L4xx_HAL_Driver/Src/stm32l4xx_hal.o
                                         0x51 (size before relaxing)
 .comment       0x0000000000000050       0x51 ./Drivers/STM32L4xx_HAL_Driver/Src/stm32l4xx_hal_cortex.o
 .comment       0x0000000000000050       0x51 ./Drivers/STM32L4xx_HAL_Driver/Src/stm32l4xx_hal_dac.o
 .comment       0x0000000000000050       0x51 ./Drivers/STM32L4xx_HAL_Driver/Src/stm32l4xx_hal_gpio.o
 .comment       0x0000000000000050       0x51 ./Drivers/STM32L4xx_HAL_Driver/Src/stm32l4xx_hal_pwr_ex.o
 .comment       0x0000000000000050       0x51 ./Drivers/STM32L4xx_HAL_Driver/Src/stm32l4xx_hal_rcc.o
 .comment       0x0000000000000050       0x51 ./Src/main.o
 .comment       0x0000000000000050       0x51 ./Src/stm32l4xx_hal_msp.o
 .comment       0x0000000000000050       0x51 ./Src/stm32l4xx_it.o
 .comment       0x0000000000000050       0x51 ./Src/system_stm32l4xx.o
 .comment       0x0000000000000050       0x75 ../Lib\libarm_cortexM4lf_math.a(arm_sin_f32.o)
                                         0x76 (size before relaxing)
 .comment       0x00000000000000c5       0x76 ../Lib\libarm_cortexM4lf_math.a(arm_common_tables.o)

.debug_frame    0x0000000000000000     0x1a2c
 .debug_frame   0x0000000000000000      0x498 ./Drivers/STM32L4xx_HAL_Driver/Src/stm32l4xx_hal.o
 .debug_frame   0x0000000000000498      0x498 ./Drivers/STM32L4xx_HAL_Driver/Src/stm32l4xx_hal_cortex.o
 .debug_frame   0x0000000000000930      0x338 ./Drivers/STM32L4xx_HAL_Driver/Src/stm32l4xx_hal_dac.o
 .debug_frame   0x0000000000000c68      0x14c ./Drivers/STM32L4xx_HAL_Driver/Src/stm32l4xx_hal_gpio.o
 .debug_frame   0x0000000000000db4      0x5c4 ./Drivers/STM32L4xx_HAL_Driver/Src/stm32l4xx_hal_pwr_ex.o
 .debug_frame   0x0000000000001378      0x248 ./Drivers/STM32L4xx_HAL_Driver/Src/stm32l4xx_hal_rcc.o
 .debug_frame   0x00000000000015c0       0xb4 ./Src/main.o
 .debug_frame   0x0000000000001674       0x80 ./Src/stm32l4xx_hal_msp.o
 .debug_frame   0x00000000000016f4      0x104 ./Src/stm32l4xx_it.o
 .debug_frame   0x00000000000017f8       0x58 ./Src/system_stm32l4xx.o
 .debug_frame   0x0000000000001850       0x20 ../Lib\libarm_cortexM4lf_math.a(arm_sin_f32.o)
 .debug_frame   0x0000000000001870       0x2c c:/st/stm32cubeide_1.10.1/stm32cubeide/plugins/com.st.stm32cube.ide.mcu.externaltools.gnu-tools-for-stm32.10.3-2021.10.win32_1.0.0.202111181127/tools/bin/../lib/gcc/arm-none-eabi/10.3.1/../../../../arm-none-eabi/lib/thumb/v7e-m+fp/hard\libc_nano.a(lib_a-init.o)
 .debug_frame   0x000000000000189c       0x20 c:/st/stm32cubeide_1.10.1/stm32cubeide/plugins/com.st.stm32cube.ide.mcu.externaltools.gnu-tools-for-stm32.10.3-2021.10.win32_1.0.0.202111181127/tools/bin/../lib/gcc/arm-none-eabi/10.3.1/../../../../arm-none-eabi/lib/thumb/v7e-m+fp/hard\libc_nano.a(lib_a-memset.o)
 .debug_frame   0x00000000000018bc       0xac c:/st/stm32cubeide_1.10.1/stm32cubeide/plugins/com.st.stm32cube.ide.mcu.externaltools.gnu-tools-for-stm32.10.3-2021.10.win32_1.0.0.202111181127/tools/bin/../lib/gcc/arm-none-eabi/10.3.1/thumb/v7e-m+fp/hard\libgcc.a(_arm_addsubdf3.o)
 .debug_frame   0x0000000000001968       0xc4 c:/st/stm32cubeide_1.10.1/stm32cubeide/plugins/com.st.stm32cube.ide.mcu.externaltools.gnu-tools-for-stm32.10.3-2021.10.win32_1.0.0.202111181127/tools/bin/../lib/gcc/arm-none-eabi/10.3.1/thumb/v7e-m+fp/hard\libgcc.a(_arm_cmpdf2.o)

.debug_loc      0x0000000000000000       0xfa
 .debug_loc     0x0000000000000000       0xfa ../Lib\libarm_cortexM4lf_math.a(arm_sin_f32.o)
